// Jest Snapshot v1, https://goo.gl/fbAQLP

exports[`ResolveWithPrefix default strict:true, require module: 1`] = `
Object {
  "Error": "Cannot find module 'one-preset-explicit-name-test' from '/normalized/root/path'
- If you want to resolve \\"explicit-name-test\\", use \\"module:explicit-name-test\\"",
}
`;

exports[`ResolveWithPrefix if module not found but it looks like @org missing, add error 1`] = `
Object {
  "Error": "Cannot find module 'one-preset-scoped' from '/normalized/root/path'
- Did you mean \\"@example/one-preset-scoped\\"?",
}
`;

exports[`ResolveWithPrefix resolves full preset with prefix set 1`] = `"/normalized/root/path/node_modules/one-preset-test/index.js"`;

exports[`ResolveWithPrefix resolves full preset without prefix set 1`] = `"/normalized/root/path/node_modules/one-preset-test/index.js"`;

exports[`ResolveWithPrefix resolves leading preset with prefix 1`] = `"/normalized/root/path/node_modules/one-preset-test/index.js"`;

exports[`ResolveWithPrefix resolves leading preset with prefix over matching module 1`] = `"/normalized/root/path/node_modules/one-preset-other/index.js"`;

exports[`ResolveWithPrefix resolves other without preset 1`] = `"/normalized/root/path/node_modules/other/index.js"`;

exports[`ResolveWithPrefix strict:true, allow other errors 1`] = `
Object {
  "Error": "Cannot find module 'one-preset-scoped' from '/normalized/root/path'
- Did you mean \\"@example/one-preset-scoped\\"?",
}
`;

exports[`ResolveWithPrefix strict:true, do not require module: when prefix not set 1`] = `"/normalized/root/path/node_modules/explicit-name-test/index.js"`;

exports[`ResolveWithPrefix strict:true, module: works 1`] = `"/normalized/root/path/node_modules/explicit-name-test/index.js"`;

exports[`ResolveWithPrefix strict:true, require module: 1`] = `
Object {
  "Error": "Cannot find module 'one-preset-explicit-name-test' from '/normalized/root/path'
- If you want to resolve \\"explicit-name-test\\", use \\"module:explicit-name-test\\"",
}
`;
